I'm sorry, but errors were detected in your script. Please correct the
errors listed below, and try again.


File "game/script.rpy", line 675: expected statement.
    yukiH
         ^

Ren'Py Version: Ren'Py 8.5.2.26010301
Thu Mar 12 19:26:45 2026
